---
source: src/query.rs
expression: "&query_execution_results"
snapshot_kind: text
---
{
  "./test_crates/declarative_macro_missing/": [
    {
      "name": String("will_be_removed"),
      "span_begin_line": Uint64(2),
      "span_filename": String("src/lib.rs"),
    },
  ],
}
